-- The C compiler identification is GNU 11.4.0
-- The CXX compiler identification is GNU 11.4.0
-- Detecting C compiler ABI info
-- Detecting C compiler ABI info - done
-- Check for working C compiler: /usr/bin/cc - skipped
-- Detecting C compile features
-- Detecting C compile features - done
-- Detecting CXX compiler ABI info
-- Detecting CXX compiler ABI info - done
-- Check for working CXX compiler: /usr/bin/c++ - skipped
-- Detecting CXX compile features
-- Detecting CXX compile features - done
-- Found ament_cmake: 1.3.10 (/opt/ros/humble/share/ament_cmake/cmake)
-- Found Python3: /usr/bin/python3 (found version "3.10.12") found components: Interpreter 
-- Override CMake install command with custom implementation using symlinks instead of copying resources
-- Found rosidl_default_generators: 1.2.0 (/opt/ros/humble/share/rosidl_default_generators/cmake)
-- Using all available rosidl_typesupport_c: rosidl_typesupport_fastrtps_c;rosidl_typesupport_introspection_c
-- Found rosidl_adapter: 3.1.5 (/opt/ros/humble/share/rosidl_adapter/cmake)
-- Using all available rosidl_typesupport_cpp: rosidl_typesupport_fastrtps_cpp;rosidl_typesupport_introspection_cpp
-- Found ament_lint_auto: 0.12.11 (/opt/ros/humble/share/ament_lint_auto/cmake)
-- Found ament_cmake_ros: 0.10.0 (/opt/ros/humble/share/ament_cmake_ros/cmake)
-- Using all available rosidl_typesupport_c: rosidl_typesupport_fastrtps_c;rosidl_typesupport_introspection_c
-- Using all available rosidl_typesupport_cpp: rosidl_typesupport_fastrtps_cpp;rosidl_typesupport_introspection_cpp
-- Found PythonInterp: /usr/bin/python3 (found suitable version "3.10.12", minimum required is "3.6") 
-- Found python_cmake_module: 0.10.0 (/opt/ros/humble/share/python_cmake_module/cmake)
-- Found PythonLibs: /usr/lib/x86_64-linux-gnu/libpython3.10.so (found suitable version "3.10.12", minimum required is "3.5") 
-- Using PYTHON_EXECUTABLE: /usr/bin/python3
-- Using PYTHON_INCLUDE_DIRS: /usr/include/python3.10
-- Using PYTHON_LIBRARIES: /usr/lib/x86_64-linux-gnu/libpython3.10.so
-- Found PythonExtra: .so  
-- Added test 'lint_cmake' to check CMake code style
-- Added test 'xmllint' to check XML markup files
-- Configuring done
-- Generating done
-- Build files have been written to: /root/ros2_ws/build/vitro_ros_definitions
[  2%] Generating C code for ROS interfaces
[  5%] Generating C++ code for ROS interfaces
[  5%] Built target vitro_ros_definitions__cpp
[  7%] Building C object CMakeFiles/vitro_ros_definitions__rosidl_generator_c.dir/rosidl_generator_c/vitro_ros_definitions/srv/detail/set_gimball_angle__functions.c.o
[  7%] Built target ament_cmake_python_symlink_vitro_ros_definitions
[ 10%] Building C object CMakeFiles/vitro_ros_definitions__rosidl_generator_c.dir/rosidl_generator_c/vitro_ros_definitions/srv/detail/set_video_settings__functions.c.o
[ 12%] Generating C++ introspection for ROS interfaces
[ 15%] Linking C shared library libvitro_ros_definitions__rosidl_generator_c.so
[ 15%] Built target vitro_ros_definitions__rosidl_generator_c
[ 17%] Generating C++ type support dispatch for ROS interfaces
[ 20%] Building CXX object CMakeFiles/vitro_ros_definitions__rosidl_typesupport_introspection_cpp.dir/rosidl_typesupport_introspection_cpp/vitro_ros_definitions/srv/detail/set_gimball_angle__type_support.cpp.o
[ 23%] Building CXX object CMakeFiles/vitro_ros_definitions__rosidl_typesupport_cpp.dir/rosidl_typesupport_cpp/vitro_ros_definitions/srv/set_gimball_angle__type_support.cpp.o
[ 25%] Building CXX object CMakeFiles/vitro_ros_definitions__rosidl_typesupport_cpp.dir/rosidl_typesupport_cpp/vitro_ros_definitions/srv/set_video_settings__type_support.cpp.o
[ 28%] Building CXX object CMakeFiles/vitro_ros_definitions__rosidl_typesupport_introspection_cpp.dir/rosidl_typesupport_introspection_cpp/vitro_ros_definitions/srv/detail/set_video_settings__type_support.cpp.o
[ 30%] Linking CXX shared library libvitro_ros_definitions__rosidl_typesupport_cpp.so
[ 30%] Built target vitro_ros_definitions__rosidl_typesupport_cpp
[ 33%] Generating C type support for eProsima Fast-RTPS
[ 35%] Linking CXX shared library libvitro_ros_definitions__rosidl_typesupport_introspection_cpp.so
[ 35%] Built target vitro_ros_definitions__rosidl_typesupport_introspection_cpp
[ 38%] Generating C introspection for ROS interfaces
[ 41%] Building CXX object CMakeFiles/vitro_ros_definitions__rosidl_typesupport_fastrtps_c.dir/rosidl_typesupport_fastrtps_c/vitro_ros_definitions/srv/detail/set_gimball_angle__type_support_c.cpp.o
[ 43%] Building C object CMakeFiles/vitro_ros_definitions__rosidl_typesupport_introspection_c.dir/rosidl_typesupport_introspection_c/vitro_ros_definitions/srv/detail/set_gimball_angle__type_support.c.o
[ 46%] Building C object CMakeFiles/vitro_ros_definitions__rosidl_typesupport_introspection_c.dir/rosidl_typesupport_introspection_c/vitro_ros_definitions/srv/detail/set_video_settings__type_support.c.o
[ 48%] Linking C shared library libvitro_ros_definitions__rosidl_typesupport_introspection_c.so
[ 48%] Built target vitro_ros_definitions__rosidl_typesupport_introspection_c
[ 51%] Building CXX object CMakeFiles/vitro_ros_definitions__rosidl_typesupport_fastrtps_c.dir/rosidl_typesupport_fastrtps_c/vitro_ros_definitions/srv/detail/set_video_settings__type_support_c.cpp.o
[ 53%] Generating C type support dispatch for ROS interfaces
[ 56%] Linking CXX shared library libvitro_ros_definitions__rosidl_typesupport_fastrtps_c.so
[ 56%] Built target vitro_ros_definitions__rosidl_typesupport_fastrtps_c
[ 58%] Generating C++ type support for eProsima Fast-RTPS
[ 61%] Building CXX object CMakeFiles/vitro_ros_definitions__rosidl_typesupport_c.dir/rosidl_typesupport_c/vitro_ros_definitions/srv/set_gimball_angle__type_support.cpp.o
[ 64%] Building CXX object CMakeFiles/vitro_ros_definitions__rosidl_typesupport_c.dir/rosidl_typesupport_c/vitro_ros_definitions/srv/set_video_settings__type_support.cpp.o
[ 66%] Linking CXX shared library libvitro_ros_definitions__rosidl_typesupport_c.so
[ 66%] Built target vitro_ros_definitions__rosidl_typesupport_c
[ 69%] Building CXX object CMakeFiles/vitro_ros_definitions__rosidl_typesupport_fastrtps_cpp.dir/rosidl_typesupport_fastrtps_cpp/vitro_ros_definitions/srv/detail/dds_fastrtps/set_gimball_angle__type_support.cpp.o
running egg_info
creating vitro_ros_definitions.egg-info
writing vitro_ros_definitions.egg-info/PKG-INFO
writing dependency_links to vitro_ros_definitions.egg-info/dependency_links.txt
writing top-level names to vitro_ros_definitions.egg-info/top_level.txt
writing manifest file 'vitro_ros_definitions.egg-info/SOURCES.txt'
reading manifest file 'vitro_ros_definitions.egg-info/SOURCES.txt'
writing manifest file 'vitro_ros_definitions.egg-info/SOURCES.txt'
[ 69%] Built target ament_cmake_python_build_vitro_ros_definitions_egg
[ 71%] Building CXX object CMakeFiles/vitro_ros_definitions__rosidl_typesupport_fastrtps_cpp.dir/rosidl_typesupport_fastrtps_cpp/vitro_ros_definitions/srv/detail/dds_fastrtps/set_video_settings__type_support.cpp.o
[ 74%] Linking CXX shared library libvitro_ros_definitions__rosidl_typesupport_fastrtps_cpp.so
[ 74%] Built target vitro_ros_definitions__rosidl_typesupport_fastrtps_cpp
[ 74%] Built target vitro_ros_definitions
[ 76%] Generating Python code for ROS interfaces
[ 76%] Built target vitro_ros_definitions__py
[ 79%] Building C object CMakeFiles/vitro_ros_definitions__rosidl_generator_py.dir/rosidl_generator_py/vitro_ros_definitions/srv/_set_gimball_angle_s.c.o
[ 82%] Building C object CMakeFiles/vitro_ros_definitions__rosidl_generator_py.dir/rosidl_generator_py/vitro_ros_definitions/srv/_set_video_settings_s.c.o
[ 84%] Linking C shared library rosidl_generator_py/vitro_ros_definitions/libvitro_ros_definitions__rosidl_generator_py.so
[ 84%] Built target vitro_ros_definitions__rosidl_generator_py
[ 89%] Building C object CMakeFiles/vitro_ros_definitions__rosidl_typesupport_introspection_c__pyext.dir/rosidl_generator_py/vitro_ros_definitions/_vitro_ros_definitions_s.ep.rosidl_typesupport_introspection_c.c.o
[ 89%] Building C object CMakeFiles/vitro_ros_definitions__rosidl_typesupport_fastrtps_c__pyext.dir/rosidl_generator_py/vitro_ros_definitions/_vitro_ros_definitions_s.ep.rosidl_typesupport_fastrtps_c.c.o
[ 92%] Linking C shared library rosidl_generator_py/vitro_ros_definitions/vitro_ros_definitions_s__rosidl_typesupport_introspection_c.cpython-310-x86_64-linux-gnu.so
[ 94%] Linking C shared library rosidl_generator_py/vitro_ros_definitions/vitro_ros_definitions_s__rosidl_typesupport_fastrtps_c.cpython-310-x86_64-linux-gnu.so
[ 94%] Built target vitro_ros_definitions__rosidl_typesupport_introspection_c__pyext
[ 94%] Built target vitro_ros_definitions__rosidl_typesupport_fastrtps_c__pyext
[ 97%] Building C object CMakeFiles/vitro_ros_definitions__rosidl_typesupport_c__pyext.dir/rosidl_generator_py/vitro_ros_definitions/_vitro_ros_definitions_s.ep.rosidl_typesupport_c.c.o
[100%] Linking C shared library rosidl_generator_py/vitro_ros_definitions/vitro_ros_definitions_s__rosidl_typesupport_c.cpython-310-x86_64-linux-gnu.so
[100%] Built target vitro_ros_definitions__rosidl_typesupport_c__pyext
-- Install configuration: ""
-- Execute custom install script
-- Symlinking: /root/ros2_ws/install/vitro_ros_definitions/share/ament_index/resource_index/rosidl_interfaces/vitro_ros_definitions
-- Symlinking: /root/ros2_ws/install/vitro_ros_definitions/include/vitro_ros_definitions/vitro_ros_definitions/msg/rosidl_generator_c__visibility_control.h
-- Symlinking: /root/ros2_ws/install/vitro_ros_definitions/include/vitro_ros_definitions/vitro_ros_definitions/srv/detail/set_gimball_angle__functions.h
-- Symlinking: /root/ros2_ws/install/vitro_ros_definitions/include/vitro_ros_definitions/vitro_ros_definitions/srv/detail/set_gimball_angle__struct.h
-- Symlinking: /root/ros2_ws/install/vitro_ros_definitions/include/vitro_ros_definitions/vitro_ros_definitions/srv/detail/set_gimball_angle__type_support.h
-- Symlinking: /root/ros2_ws/install/vitro_ros_definitions/include/vitro_ros_definitions/vitro_ros_definitions/srv/detail/set_video_settings__functions.h
-- Symlinking: /root/ros2_ws/install/vitro_ros_definitions/include/vitro_ros_definitions/vitro_ros_definitions/srv/detail/set_video_settings__struct.h
-- Symlinking: /root/ros2_ws/install/vitro_ros_definitions/include/vitro_ros_definitions/vitro_ros_definitions/srv/detail/set_video_settings__type_support.h
-- Symlinking: /root/ros2_ws/install/vitro_ros_definitions/include/vitro_ros_definitions/vitro_ros_definitions/srv/set_gimball_angle.h
-- Symlinking: /root/ros2_ws/install/vitro_ros_definitions/include/vitro_ros_definitions/vitro_ros_definitions/srv/set_video_settings.h
-- Symlinking: /root/ros2_ws/install/vitro_ros_definitions/share/vitro_ros_definitions/environment/library_path.sh
-- Symlinking: /root/ros2_ws/install/vitro_ros_definitions/share/vitro_ros_definitions/environment/library_path.dsv
-- Symlinking: /root/ros2_ws/install/vitro_ros_definitions/include/vitro_ros_definitions/vitro_ros_definitions/msg/rosidl_typesupport_fastrtps_c__visibility_control.h
-- Symlinking: /root/ros2_ws/install/vitro_ros_definitions/include/vitro_ros_definitions/vitro_ros_definitions/srv/detail/set_gimball_angle__rosidl_typesupport_fastrtps_c.h
-- Symlinking: /root/ros2_ws/install/vitro_ros_definitions/include/vitro_ros_definitions/vitro_ros_definitions/srv/detail/set_video_settings__rosidl_typesupport_fastrtps_c.h
-- Symlinking: /root/ros2_ws/install/vitro_ros_definitions/include/vitro_ros_definitions/vitro_ros_definitions/msg/rosidl_typesupport_introspection_c__visibility_control.h
-- Symlinking: /root/ros2_ws/install/vitro_ros_definitions/include/vitro_ros_definitions/vitro_ros_definitions/srv/detail/set_gimball_angle__rosidl_typesupport_introspection_c.h
-- Symlinking: /root/ros2_ws/install/vitro_ros_definitions/include/vitro_ros_definitions/vitro_ros_definitions/srv/detail/set_video_settings__rosidl_typesupport_introspection_c.h
-- Symlinking: /root/ros2_ws/install/vitro_ros_definitions/include/vitro_ros_definitions/vitro_ros_definitions/srv/detail/set_gimball_angle__builder.hpp
-- Symlinking: /root/ros2_ws/install/vitro_ros_definitions/include/vitro_ros_definitions/vitro_ros_definitions/srv/detail/set_gimball_angle__struct.hpp
-- Symlinking: /root/ros2_ws/install/vitro_ros_definitions/include/vitro_ros_definitions/vitro_ros_definitions/srv/detail/set_gimball_angle__traits.hpp
-- Symlinking: /root/ros2_ws/install/vitro_ros_definitions/include/vitro_ros_definitions/vitro_ros_definitions/srv/detail/set_video_settings__builder.hpp
-- Symlinking: /root/ros2_ws/install/vitro_ros_definitions/include/vitro_ros_definitions/vitro_ros_definitions/srv/detail/set_video_settings__struct.hpp
-- Symlinking: /root/ros2_ws/install/vitro_ros_definitions/include/vitro_ros_definitions/vitro_ros_definitions/srv/detail/set_video_settings__traits.hpp
-- Symlinking: /root/ros2_ws/install/vitro_ros_definitions/include/vitro_ros_definitions/vitro_ros_definitions/srv/set_gimball_angle.hpp
-- Symlinking: /root/ros2_ws/install/vitro_ros_definitions/include/vitro_ros_definitions/vitro_ros_definitions/srv/set_video_settings.hpp
-- Symlinking: /root/ros2_ws/install/vitro_ros_definitions/include/vitro_ros_definitions/vitro_ros_definitions/msg/rosidl_typesupport_fastrtps_cpp__visibility_control.h
-- Symlinking: /root/ros2_ws/install/vitro_ros_definitions/include/vitro_ros_definitions/vitro_ros_definitions/srv/detail/set_gimball_angle__rosidl_typesupport_fastrtps_cpp.hpp
-- Symlinking: /root/ros2_ws/install/vitro_ros_definitions/include/vitro_ros_definitions/vitro_ros_definitions/srv/detail/set_video_settings__rosidl_typesupport_fastrtps_cpp.hpp
-- Symlinking: /root/ros2_ws/install/vitro_ros_definitions/include/vitro_ros_definitions/vitro_ros_definitions/srv/detail/set_gimball_angle__rosidl_typesupport_introspection_cpp.hpp
-- Symlinking: /root/ros2_ws/install/vitro_ros_definitions/include/vitro_ros_definitions/vitro_ros_definitions/srv/detail/set_video_settings__rosidl_typesupport_introspection_cpp.hpp
-- Symlinking: /root/ros2_ws/install/vitro_ros_definitions/share/vitro_ros_definitions/environment/pythonpath.sh
-- Symlinking: /root/ros2_ws/install/vitro_ros_definitions/share/vitro_ros_definitions/environment/pythonpath.dsv
-- Symlinking: /root/ros2_ws/install/vitro_ros_definitions/local/lib/python3.10/dist-packages/vitro_ros_definitions-0.0.0-py3.10.egg-info/PKG-INFO
-- Symlinking: /root/ros2_ws/install/vitro_ros_definitions/local/lib/python3.10/dist-packages/vitro_ros_definitions-0.0.0-py3.10.egg-info/SOURCES.txt
-- Symlinking: /root/ros2_ws/install/vitro_ros_definitions/local/lib/python3.10/dist-packages/vitro_ros_definitions-0.0.0-py3.10.egg-info/dependency_links.txt
-- Symlinking: /root/ros2_ws/install/vitro_ros_definitions/local/lib/python3.10/dist-packages/vitro_ros_definitions-0.0.0-py3.10.egg-info/top_level.txt
-- Symlinking: /root/ros2_ws/install/vitro_ros_definitions/local/lib/python3.10/dist-packages/vitro_ros_definitions/__init__.py
-- Symlinking: /root/ros2_ws/install/vitro_ros_definitions/local/lib/python3.10/dist-packages/vitro_ros_definitions/_vitro_ros_definitions_s.ep.rosidl_typesupport_c.c
-- Symlinking: /root/ros2_ws/install/vitro_ros_definitions/local/lib/python3.10/dist-packages/vitro_ros_definitions/_vitro_ros_definitions_s.ep.rosidl_typesupport_fastrtps_c.c
-- Symlinking: /root/ros2_ws/install/vitro_ros_definitions/local/lib/python3.10/dist-packages/vitro_ros_definitions/_vitro_ros_definitions_s.ep.rosidl_typesupport_introspection_c.c
-- Symlinking: /root/ros2_ws/install/vitro_ros_definitions/local/lib/python3.10/dist-packages/vitro_ros_definitions/libvitro_ros_definitions__rosidl_generator_py.so
-- Symlinking: /root/ros2_ws/install/vitro_ros_definitions/local/lib/python3.10/dist-packages/vitro_ros_definitions/srv/__init__.py
-- Symlinking: /root/ros2_ws/install/vitro_ros_definitions/local/lib/python3.10/dist-packages/vitro_ros_definitions/srv/_set_gimball_angle.py
-- Symlinking: /root/ros2_ws/install/vitro_ros_definitions/local/lib/python3.10/dist-packages/vitro_ros_definitions/srv/_set_gimball_angle_s.c
-- Symlinking: /root/ros2_ws/install/vitro_ros_definitions/local/lib/python3.10/dist-packages/vitro_ros_definitions/srv/_set_video_settings.py
-- Symlinking: /root/ros2_ws/install/vitro_ros_definitions/local/lib/python3.10/dist-packages/vitro_ros_definitions/srv/_set_video_settings_s.c
-- Symlinking: /root/ros2_ws/install/vitro_ros_definitions/local/lib/python3.10/dist-packages/vitro_ros_definitions/vitro_ros_definitions_s__rosidl_typesupport_c.cpython-310-x86_64-linux-gnu.so
-- Symlinking: /root/ros2_ws/install/vitro_ros_definitions/local/lib/python3.10/dist-packages/vitro_ros_definitions/vitro_ros_definitions_s__rosidl_typesupport_fastrtps_c.cpython-310-x86_64-linux-gnu.so
-- Symlinking: /root/ros2_ws/install/vitro_ros_definitions/local/lib/python3.10/dist-packages/vitro_ros_definitions/vitro_ros_definitions_s__rosidl_typesupport_introspection_c.cpython-310-x86_64-linux-gnu.so
-- Up-to-date symlink: /root/ros2_ws/install/vitro_ros_definitions/local/lib/python3.10/dist-packages/vitro_ros_definitions/vitro_ros_definitions_s__rosidl_typesupport_fastrtps_c.cpython-310-x86_64-linux-gnu.so
-- Up-to-date symlink: /root/ros2_ws/install/vitro_ros_definitions/local/lib/python3.10/dist-packages/vitro_ros_definitions/vitro_ros_definitions_s__rosidl_typesupport_introspection_c.cpython-310-x86_64-linux-gnu.so
-- Up-to-date symlink: /root/ros2_ws/install/vitro_ros_definitions/local/lib/python3.10/dist-packages/vitro_ros_definitions/vitro_ros_definitions_s__rosidl_typesupport_c.cpython-310-x86_64-linux-gnu.so
-- Symlinking: /root/ros2_ws/install/vitro_ros_definitions/share/vitro_ros_definitions/srv/SetGimballAngle.idl
-- Symlinking: /root/ros2_ws/install/vitro_ros_definitions/share/vitro_ros_definitions/srv/SetVideoSettings.idl
-- Symlinking: /root/ros2_ws/install/vitro_ros_definitions/share/vitro_ros_definitions/srv/SetGimballAngle.srv
-- Symlinking: /root/ros2_ws/install/vitro_ros_definitions/share/vitro_ros_definitions/srv/SetGimballAngle_Request.msg
-- Symlinking: /root/ros2_ws/install/vitro_ros_definitions/share/vitro_ros_definitions/srv/SetGimballAngle_Response.msg
-- Symlinking: /root/ros2_ws/install/vitro_ros_definitions/share/vitro_ros_definitions/srv/SetVideoSettings.srv
-- Symlinking: /root/ros2_ws/install/vitro_ros_definitions/share/vitro_ros_definitions/srv/SetVideoSettings_Request.msg
-- Symlinking: /root/ros2_ws/install/vitro_ros_definitions/share/vitro_ros_definitions/srv/SetVideoSettings_Response.msg
-- Symlinking: /root/ros2_ws/install/vitro_ros_definitions/share/ament_index/resource_index/package_run_dependencies/vitro_ros_definitions
-- Symlinking: /root/ros2_ws/install/vitro_ros_definitions/share/ament_index/resource_index/parent_prefix_path/vitro_ros_definitions
-- Symlinking: /root/ros2_ws/install/vitro_ros_definitions/share/vitro_ros_definitions/environment/ament_prefix_path.sh
-- Symlinking: /root/ros2_ws/install/vitro_ros_definitions/share/vitro_ros_definitions/environment/ament_prefix_path.dsv
-- Symlinking: /root/ros2_ws/install/vitro_ros_definitions/share/vitro_ros_definitions/environment/path.sh
-- Symlinking: /root/ros2_ws/install/vitro_ros_definitions/share/vitro_ros_definitions/environment/path.dsv
-- Symlinking: /root/ros2_ws/install/vitro_ros_definitions/share/vitro_ros_definitions/local_setup.bash
-- Symlinking: /root/ros2_ws/install/vitro_ros_definitions/share/vitro_ros_definitions/local_setup.sh
-- Symlinking: /root/ros2_ws/install/vitro_ros_definitions/share/vitro_ros_definitions/local_setup.zsh
-- Symlinking: /root/ros2_ws/install/vitro_ros_definitions/share/vitro_ros_definitions/local_setup.dsv
-- Symlinking: /root/ros2_ws/install/vitro_ros_definitions/share/vitro_ros_definitions/package.dsv
-- Symlinking: /root/ros2_ws/install/vitro_ros_definitions/share/ament_index/resource_index/packages/vitro_ros_definitions
-- Symlinking: /root/ros2_ws/install/vitro_ros_definitions/share/vitro_ros_definitions/cmake/rosidl_cmake-extras.cmake
-- Symlinking: /root/ros2_ws/install/vitro_ros_definitions/share/vitro_ros_definitions/cmake/ament_cmake_export_include_directories-extras.cmake
-- Symlinking: /root/ros2_ws/install/vitro_ros_definitions/share/vitro_ros_definitions/cmake/ament_cmake_export_libraries-extras.cmake
-- Symlinking: /root/ros2_ws/install/vitro_ros_definitions/share/vitro_ros_definitions/cmake/ament_cmake_export_targets-extras.cmake
-- Symlinking: /root/ros2_ws/install/vitro_ros_definitions/share/vitro_ros_definitions/cmake/rosidl_cmake_export_typesupport_targets-extras.cmake
-- Symlinking: /root/ros2_ws/install/vitro_ros_definitions/share/vitro_ros_definitions/cmake/ament_cmake_export_dependencies-extras.cmake
-- Symlinking: /root/ros2_ws/install/vitro_ros_definitions/share/vitro_ros_definitions/cmake/rosidl_cmake_export_typesupport_libraries-extras.cmake
-- Symlinking: /root/ros2_ws/install/vitro_ros_definitions/share/vitro_ros_definitions/cmake/vitro_ros_definitionsConfig.cmake
-- Symlinking: /root/ros2_ws/install/vitro_ros_definitions/share/vitro_ros_definitions/cmake/vitro_ros_definitionsConfig-version.cmake
-- Symlinking: /root/ros2_ws/install/vitro_ros_definitions/share/vitro_ros_definitions/package.xml
-- Installing: /root/ros2_ws/install/vitro_ros_definitions/lib/libvitro_ros_definitions__rosidl_generator_c.so
-- Set runtime path of "/root/ros2_ws/install/vitro_ros_definitions/lib/libvitro_ros_definitions__rosidl_generator_c.so" to ""
-- Installing: /root/ros2_ws/install/vitro_ros_definitions/lib/libvitro_ros_definitions__rosidl_typesupport_fastrtps_c.so
-- Set runtime path of "/root/ros2_ws/install/vitro_ros_definitions/lib/libvitro_ros_definitions__rosidl_typesupport_fastrtps_c.so" to ""
-- Installing: /root/ros2_ws/install/vitro_ros_definitions/lib/libvitro_ros_definitions__rosidl_typesupport_introspection_c.so
-- Set runtime path of "/root/ros2_ws/install/vitro_ros_definitions/lib/libvitro_ros_definitions__rosidl_typesupport_introspection_c.so" to ""
-- Installing: /root/ros2_ws/install/vitro_ros_definitions/lib/libvitro_ros_definitions__rosidl_typesupport_c.so
-- Set runtime path of "/root/ros2_ws/install/vitro_ros_definitions/lib/libvitro_ros_definitions__rosidl_typesupport_c.so" to ""
-- Installing: /root/ros2_ws/install/vitro_ros_definitions/lib/libvitro_ros_definitions__rosidl_typesupport_fastrtps_cpp.so
-- Set runtime path of "/root/ros2_ws/install/vitro_ros_definitions/lib/libvitro_ros_definitions__rosidl_typesupport_fastrtps_cpp.so" to ""
-- Installing: /root/ros2_ws/install/vitro_ros_definitions/lib/libvitro_ros_definitions__rosidl_typesupport_introspection_cpp.so
-- Set runtime path of "/root/ros2_ws/install/vitro_ros_definitions/lib/libvitro_ros_definitions__rosidl_typesupport_introspection_cpp.so" to ""
-- Installing: /root/ros2_ws/install/vitro_ros_definitions/lib/libvitro_ros_definitions__rosidl_typesupport_cpp.so
-- Set runtime path of "/root/ros2_ws/install/vitro_ros_definitions/lib/libvitro_ros_definitions__rosidl_typesupport_cpp.so" to ""
Listing '/root/ros2_ws/install/vitro_ros_definitions/local/lib/python3.10/dist-packages/vitro_ros_definitions'...
Compiling '/root/ros2_ws/install/vitro_ros_definitions/local/lib/python3.10/dist-packages/vitro_ros_definitions/__init__.py'...
Listing '/root/ros2_ws/install/vitro_ros_definitions/local/lib/python3.10/dist-packages/vitro_ros_definitions/srv'...
Compiling '/root/ros2_ws/install/vitro_ros_definitions/local/lib/python3.10/dist-packages/vitro_ros_definitions/srv/__init__.py'...
Compiling '/root/ros2_ws/install/vitro_ros_definitions/local/lib/python3.10/dist-packages/vitro_ros_definitions/srv/_set_gimball_angle.py'...
Compiling '/root/ros2_ws/install/vitro_ros_definitions/local/lib/python3.10/dist-packages/vitro_ros_definitions/srv/_set_video_settings.py'...
-- Installing: /root/ros2_ws/install/vitro_ros_definitions/lib/libvitro_ros_definitions__rosidl_generator_py.so
-- Set runtime path of "/root/ros2_ws/install/vitro_ros_definitions/lib/libvitro_ros_definitions__rosidl_generator_py.so" to ""
-- Installing: /root/ros2_ws/install/vitro_ros_definitions/share/vitro_ros_definitions/cmake/export_vitro_ros_definitions__rosidl_generator_cExport.cmake
-- Installing: /root/ros2_ws/install/vitro_ros_definitions/share/vitro_ros_definitions/cmake/export_vitro_ros_definitions__rosidl_generator_cExport-noconfig.cmake
-- Installing: /root/ros2_ws/install/vitro_ros_definitions/share/vitro_ros_definitions/cmake/export_vitro_ros_definitions__rosidl_typesupport_fastrtps_cExport.cmake
-- Installing: /root/ros2_ws/install/vitro_ros_definitions/share/vitro_ros_definitions/cmake/export_vitro_ros_definitions__rosidl_typesupport_fastrtps_cExport-noconfig.cmake
-- Installing: /root/ros2_ws/install/vitro_ros_definitions/share/vitro_ros_definitions/cmake/vitro_ros_definitions__rosidl_typesupport_introspection_cExport.cmake
-- Installing: /root/ros2_ws/install/vitro_ros_definitions/share/vitro_ros_definitions/cmake/vitro_ros_definitions__rosidl_typesupport_introspection_cExport-noconfig.cmake
-- Installing: /root/ros2_ws/install/vitro_ros_definitions/share/vitro_ros_definitions/cmake/vitro_ros_definitions__rosidl_typesupport_cExport.cmake
-- Installing: /root/ros2_ws/install/vitro_ros_definitions/share/vitro_ros_definitions/cmake/vitro_ros_definitions__rosidl_typesupport_cExport-noconfig.cmake
-- Installing: /root/ros2_ws/install/vitro_ros_definitions/share/vitro_ros_definitions/cmake/export_vitro_ros_definitions__rosidl_generator_cppExport.cmake
-- Installing: /root/ros2_ws/install/vitro_ros_definitions/share/vitro_ros_definitions/cmake/export_vitro_ros_definitions__rosidl_typesupport_fastrtps_cppExport.cmake
-- Installing: /root/ros2_ws/install/vitro_ros_definitions/share/vitro_ros_definitions/cmake/export_vitro_ros_definitions__rosidl_typesupport_fastrtps_cppExport-noconfig.cmake
-- Installing: /root/ros2_ws/install/vitro_ros_definitions/share/vitro_ros_definitions/cmake/vitro_ros_definitions__rosidl_typesupport_introspection_cppExport.cmake
-- Installing: /root/ros2_ws/install/vitro_ros_definitions/share/vitro_ros_definitions/cmake/vitro_ros_definitions__rosidl_typesupport_introspection_cppExport-noconfig.cmake
-- Installing: /root/ros2_ws/install/vitro_ros_definitions/share/vitro_ros_definitions/cmake/vitro_ros_definitions__rosidl_typesupport_cppExport.cmake
-- Installing: /root/ros2_ws/install/vitro_ros_definitions/share/vitro_ros_definitions/cmake/vitro_ros_definitions__rosidl_typesupport_cppExport-noconfig.cmake
-- Installing: /root/ros2_ws/install/vitro_ros_definitions/share/vitro_ros_definitions/cmake/export_vitro_ros_definitions__rosidl_generator_pyExport.cmake
-- Installing: /root/ros2_ws/install/vitro_ros_definitions/share/vitro_ros_definitions/cmake/export_vitro_ros_definitions__rosidl_generator_pyExport-noconfig.cmake
