[0.118s] DEBUG:colcon:Command line arguments: ['/usr/bin/colcon', 'build', '--symlink-install']
[0.118s] DEBUG:colcon:Parsed command line arguments: Namespace(log_base=None, log_level=None, verb_name='build', build_base='build', install_base='install', merge_install=False, symlink_install=True, test_result_base=None, continue_on_error=False, executor='parallel', parallel_workers=2, event_handlers=None, ignore_user_meta=False, metas=['./colcon.meta'], base_paths=['.'], packages_ignore=None, packages_ignore_regex=None, paths=None, packages_up_to=None, packages_up_to_regex=None, packages_above=None, packages_above_and_dependencies=None, packages_above_depth=None, packages_select_by_dep=None, packages_skip_by_dep=None, packages_skip_up_to=None, packages_select_build_failed=False, packages_skip_build_finished=False, packages_select_test_failures=False, packages_skip_test_passed=False, packages_select=None, packages_skip=None, packages_select_regex=None, packages_skip_regex=None, packages_start=None, packages_end=None, cmake_args=None, cmake_target=None, cmake_target_skip_unavailable=False, cmake_clean_cache=False, cmake_clean_first=False, cmake_force_configure=False, ament_cmake_args=None, catkin_cmake_args=None, catkin_skip_building_tests=False, mixin_files=None, mixin=None, verb_parser=<colcon_mixin.mixin.mixin_argument.MixinArgumentDecorator object at 0x7f9e0c64a410>, verb_extension=<colcon_core.verb.build.BuildVerb object at 0x7f9e0c649a50>, main=<bound method BuildVerb.main of <colcon_core.verb.build.BuildVerb object at 0x7f9e0c649a50>>, mixin_verb=('build',))
[0.231s] Level 1:colcon.colcon_core.package_discovery:discover_packages(colcon_meta) check parameters
[0.232s] INFO:colcon.colcon_metadata.package_discovery.colcon_meta:Using configuration from '/root/.colcon/metadata/default/Gazebo.meta'
[0.232s] INFO:colcon.colcon_metadata.package_discovery.colcon_meta:Using configuration from '/root/.colcon/metadata/default/fastrtps.meta'
[0.232s] Level 1:colcon.colcon_core.package_discovery:discover_packages(recursive) check parameters
[0.232s] Level 1:colcon.colcon_core.package_discovery:discover_packages(ignore) check parameters
[0.232s] Level 1:colcon.colcon_core.package_discovery:discover_packages(path) check parameters
[0.232s] Level 1:colcon.colcon_core.package_discovery:discover_packages(colcon_meta) discover
[0.232s] Level 1:colcon.colcon_core.package_discovery:discover_packages(recursive) discover
[0.232s] INFO:colcon.colcon_core.package_discovery:Crawling recursively for packages in '/root/ros2_ws'
[0.232s] Level 1:colcon.colcon_core.package_identification:_identify(.) by extensions ['ignore', 'ignore_ament_install']
[0.233s] Level 1:colcon.colcon_core.package_identification:_identify(.) by extension 'ignore'
[0.233s] Level 1:colcon.colcon_core.package_identification:_identify(.) by extension 'ignore_ament_install'
[0.233s] Level 1:colcon.colcon_core.package_identification:_identify(.) by extensions ['colcon_pkg']
[0.233s] Level 1:colcon.colcon_core.package_identification:_identify(.) by extension 'colcon_pkg'
[0.233s] Level 1:colcon.colcon_core.package_identification:_identify(.) by extensions ['colcon_meta']
[0.233s] Level 1:colcon.colcon_core.package_identification:_identify(.) by extension 'colcon_meta'
[0.233s] Level 1:colcon.colcon_core.package_identification:_identify(.) by extensions ['ros']
[0.233s] Level 1:colcon.colcon_core.package_identification:_identify(.) by extension 'ros'
[0.243s] Level 1:colcon.colcon_core.package_identification:_identify(.) by extensions ['cmake', 'python']
[0.243s] Level 1:colcon.colcon_core.package_identification:_identify(.) by extension 'cmake'
[0.244s] Level 1:colcon.colcon_core.package_identification:_identify(.) by extension 'python'
[0.244s] Level 1:colcon.colcon_core.package_identification:_identify(.) by extensions ['python_setup_py']
[0.244s] Level 1:colcon.colcon_core.package_identification:_identify(.) by extension 'python_setup_py'
[0.244s] Level 1:colcon.colcon_core.package_identification:_identify(build) by extensions ['ignore', 'ignore_ament_install']
[0.244s] Level 1:colcon.colcon_core.package_identification:_identify(build) by extension 'ignore'
[0.244s] Level 1:colcon.colcon_core.package_identification:_identify(build) ignored
[0.244s] Level 1:colcon.colcon_core.package_identification:_identify(install) by extensions ['ignore', 'ignore_ament_install']
[0.244s] Level 1:colcon.colcon_core.package_identification:_identify(install) by extension 'ignore'
[0.244s] Level 1:colcon.colcon_core.package_identification:_identify(install) ignored
[0.244s] Level 1:colcon.colcon_core.package_identification:_identify(log) by extensions ['ignore', 'ignore_ament_install']
[0.244s] Level 1:colcon.colcon_core.package_identification:_identify(log) by extension 'ignore'
[0.244s] Level 1:colcon.colcon_core.package_identification:_identify(log) ignored
[0.244s] Level 1:colcon.colcon_core.package_identification:_identify(src) by extensions ['ignore', 'ignore_ament_install']
[0.245s] Level 1:colcon.colcon_core.package_identification:_identify(src) by extension 'ignore'
[0.245s] Level 1:colcon.colcon_core.package_identification:_identify(src) by extension 'ignore_ament_install'
[0.245s] Level 1:colcon.colcon_core.package_identification:_identify(src) by extensions ['colcon_pkg']
[0.245s] Level 1:colcon.colcon_core.package_identification:_identify(src) by extension 'colcon_pkg'
[0.245s] Level 1:colcon.colcon_core.package_identification:_identify(src) by extensions ['colcon_meta']
[0.245s] Level 1:colcon.colcon_core.package_identification:_identify(src) by extension 'colcon_meta'
[0.245s] Level 1:colcon.colcon_core.package_identification:_identify(src) by extensions ['ros']
[0.245s] Level 1:colcon.colcon_core.package_identification:_identify(src) by extension 'ros'
[0.245s] Level 1:colcon.colcon_core.package_identification:_identify(src) by extensions ['cmake', 'python']
[0.245s] Level 1:colcon.colcon_core.package_identification:_identify(src) by extension 'cmake'
[0.245s] Level 1:colcon.colcon_core.package_identification:_identify(src) by extension 'python'
[0.245s] Level 1:colcon.colcon_core.package_identification:_identify(src) by extensions ['python_setup_py']
[0.245s] Level 1:colcon.colcon_core.package_identification:_identify(src) by extension 'python_setup_py'
[0.245s] Level 1:colcon.colcon_core.package_identification:_identify(src/vitro_interface) by extensions ['ignore', 'ignore_ament_install']
[0.245s] Level 1:colcon.colcon_core.package_identification:_identify(src/vitro_interface) by extension 'ignore'
[0.245s] Level 1:colcon.colcon_core.package_identification:_identify(src/vitro_interface) by extension 'ignore_ament_install'
[0.245s] Level 1:colcon.colcon_core.package_identification:_identify(src/vitro_interface) by extensions ['colcon_pkg']
[0.246s] Level 1:colcon.colcon_core.package_identification:_identify(src/vitro_interface) by extension 'colcon_pkg'
[0.246s] Level 1:colcon.colcon_core.package_identification:_identify(src/vitro_interface) by extensions ['colcon_meta']
[0.246s] Level 1:colcon.colcon_core.package_identification:_identify(src/vitro_interface) by extension 'colcon_meta'
[0.246s] Level 1:colcon.colcon_core.package_identification:_identify(src/vitro_interface) by extensions ['ros']
[0.246s] Level 1:colcon.colcon_core.package_identification:_identify(src/vitro_interface) by extension 'ros'
[0.249s] DEBUG:colcon.colcon_core.package_identification:Package 'src/vitro_interface' with type 'ros.ament_cmake' and name 'vitro_interface'
[0.249s] Level 1:colcon.colcon_core.package_identification:_identify(src/vitro_ros_definitions) by extensions ['ignore', 'ignore_ament_install']
[0.249s] Level 1:colcon.colcon_core.package_identification:_identify(src/vitro_ros_definitions) by extension 'ignore'
[0.249s] Level 1:colcon.colcon_core.package_identification:_identify(src/vitro_ros_definitions) by extension 'ignore_ament_install'
[0.249s] Level 1:colcon.colcon_core.package_identification:_identify(src/vitro_ros_definitions) by extensions ['colcon_pkg']
[0.249s] Level 1:colcon.colcon_core.package_identification:_identify(src/vitro_ros_definitions) by extension 'colcon_pkg'
[0.249s] Level 1:colcon.colcon_core.package_identification:_identify(src/vitro_ros_definitions) by extensions ['colcon_meta']
[0.249s] Level 1:colcon.colcon_core.package_identification:_identify(src/vitro_ros_definitions) by extension 'colcon_meta'
[0.249s] Level 1:colcon.colcon_core.package_identification:_identify(src/vitro_ros_definitions) by extensions ['ros']
[0.249s] Level 1:colcon.colcon_core.package_identification:_identify(src/vitro_ros_definitions) by extension 'ros'
[0.250s] DEBUG:colcon.colcon_core.package_identification:Package 'src/vitro_ros_definitions' with type 'ros.ament_cmake' and name 'vitro_ros_definitions'
[0.250s] Level 1:colcon.colcon_core.package_discovery:discover_packages(recursive) using defaults
[0.250s] Level 1:colcon.colcon_core.package_discovery:discover_packages(ignore) discover
[0.250s] Level 1:colcon.colcon_core.package_discovery:discover_packages(ignore) using defaults
[0.250s] Level 1:colcon.colcon_core.package_discovery:discover_packages(path) discover
[0.250s] Level 1:colcon.colcon_core.package_discovery:discover_packages(path) using defaults
[0.268s] Level 5:colcon.colcon_core.verb:set package 'vitro_ros_definitions' build argument 'cmake_args' from command line to 'None'
[0.268s] Level 5:colcon.colcon_core.verb:set package 'vitro_ros_definitions' build argument 'cmake_target' from command line to 'None'
[0.268s] Level 5:colcon.colcon_core.verb:set package 'vitro_ros_definitions' build argument 'cmake_target_skip_unavailable' from command line to 'False'
[0.268s] Level 5:colcon.colcon_core.verb:set package 'vitro_ros_definitions' build argument 'cmake_clean_cache' from command line to 'False'
[0.268s] Level 5:colcon.colcon_core.verb:set package 'vitro_ros_definitions' build argument 'cmake_clean_first' from command line to 'False'
[0.268s] Level 5:colcon.colcon_core.verb:set package 'vitro_ros_definitions' build argument 'cmake_force_configure' from command line to 'False'
[0.268s] Level 5:colcon.colcon_core.verb:set package 'vitro_ros_definitions' build argument 'ament_cmake_args' from command line to 'None'
[0.268s] Level 5:colcon.colcon_core.verb:set package 'vitro_ros_definitions' build argument 'catkin_cmake_args' from command line to 'None'
[0.268s] Level 5:colcon.colcon_core.verb:set package 'vitro_ros_definitions' build argument 'catkin_skip_building_tests' from command line to 'False'
[0.268s] DEBUG:colcon.colcon_core.verb:Building package 'vitro_ros_definitions' with the following arguments: {'ament_cmake_args': None, 'build_base': '/root/ros2_ws/build/vitro_ros_definitions', 'catkin_cmake_args': None, 'catkin_skip_building_tests': False, 'cmake_args': None, 'cmake_clean_cache': False, 'cmake_clean_first': False, 'cmake_force_configure': False, 'cmake_target': None, 'cmake_target_skip_unavailable': False, 'install_base': '/root/ros2_ws/install/vitro_ros_definitions', 'merge_install': False, 'path': '/root/ros2_ws/src/vitro_ros_definitions', 'symlink_install': True, 'test_result_base': None}
[0.269s] Level 5:colcon.colcon_core.verb:set package 'vitro_interface' build argument 'cmake_args' from command line to 'None'
[0.269s] Level 5:colcon.colcon_core.verb:set package 'vitro_interface' build argument 'cmake_target' from command line to 'None'
[0.269s] Level 5:colcon.colcon_core.verb:set package 'vitro_interface' build argument 'cmake_target_skip_unavailable' from command line to 'False'
[0.269s] Level 5:colcon.colcon_core.verb:set package 'vitro_interface' build argument 'cmake_clean_cache' from command line to 'False'
[0.269s] Level 5:colcon.colcon_core.verb:set package 'vitro_interface' build argument 'cmake_clean_first' from command line to 'False'
[0.269s] Level 5:colcon.colcon_core.verb:set package 'vitro_interface' build argument 'cmake_force_configure' from command line to 'False'
[0.269s] Level 5:colcon.colcon_core.verb:set package 'vitro_interface' build argument 'ament_cmake_args' from command line to 'None'
[0.269s] Level 5:colcon.colcon_core.verb:set package 'vitro_interface' build argument 'catkin_cmake_args' from command line to 'None'
[0.269s] Level 5:colcon.colcon_core.verb:set package 'vitro_interface' build argument 'catkin_skip_building_tests' from command line to 'False'
[0.269s] DEBUG:colcon.colcon_core.verb:Building package 'vitro_interface' with the following arguments: {'ament_cmake_args': None, 'build_base': '/root/ros2_ws/build/vitro_interface', 'catkin_cmake_args': None, 'catkin_skip_building_tests': False, 'cmake_args': None, 'cmake_clean_cache': False, 'cmake_clean_first': False, 'cmake_force_configure': False, 'cmake_target': None, 'cmake_target_skip_unavailable': False, 'install_base': '/root/ros2_ws/install/vitro_interface', 'merge_install': False, 'path': '/root/ros2_ws/src/vitro_interface', 'symlink_install': True, 'test_result_base': None}
[0.269s] INFO:colcon.colcon_core.executor:Executing jobs using 'parallel' executor
[0.270s] DEBUG:colcon.colcon_parallel_executor.executor.parallel:run_until_complete
[0.271s] INFO:colcon.colcon_ros.task.ament_cmake.build:Building ROS package in '/root/ros2_ws/src/vitro_ros_definitions' with build type 'ament_cmake'
[0.271s] INFO:colcon.colcon_cmake.task.cmake.build:Building CMake package in '/root/ros2_ws/src/vitro_ros_definitions'
[0.274s] INFO:colcon.colcon_core.plugin_system:Skipping extension 'colcon_core.shell.bat': Not used on non-Windows systems
[0.274s] INFO:colcon.colcon_core.shell:Skip shell extension 'powershell' for command environment: Not usable outside of PowerShell
[0.274s] DEBUG:colcon.colcon_core.shell:Skip shell extension 'dsv' for command environment
[0.282s] DEBUG:colcon.colcon_core.event_handler.log_command:Invoking command in '/root/ros2_ws/build/vitro_ros_definitions': CMAKE_PREFIX_PATH=/opt/ros/humble /usr/bin/cmake /root/ros2_ws/src/vitro_ros_definitions -DAMENT_CMAKE_SYMLINK_INSTALL=1 -DCMAKE_INSTALL_PREFIX=/root/ros2_ws/install/vitro_ros_definitions
[1.552s] DEBUG:colcon.colcon_core.event_handler.log_command:Invoked command in '/root/ros2_ws/build/vitro_ros_definitions' returned '0': CMAKE_PREFIX_PATH=/opt/ros/humble /usr/bin/cmake /root/ros2_ws/src/vitro_ros_definitions -DAMENT_CMAKE_SYMLINK_INSTALL=1 -DCMAKE_INSTALL_PREFIX=/root/ros2_ws/install/vitro_ros_definitions
[1.554s] DEBUG:colcon.colcon_core.event_handler.log_command:Invoking command in '/root/ros2_ws/build/vitro_ros_definitions': CMAKE_PREFIX_PATH=/opt/ros/humble /usr/bin/cmake --build /root/ros2_ws/build/vitro_ros_definitions -- -j2 -l2
[7.049s] DEBUG:colcon.colcon_core.event_handler.log_command:Invoked command in '/root/ros2_ws/build/vitro_ros_definitions' returned '0': CMAKE_PREFIX_PATH=/opt/ros/humble /usr/bin/cmake --build /root/ros2_ws/build/vitro_ros_definitions -- -j2 -l2
[7.133s] DEBUG:colcon.colcon_core.event_handler.log_command:Invoking command in '/root/ros2_ws/build/vitro_ros_definitions': CMAKE_PREFIX_PATH=/opt/ros/humble /usr/bin/cmake --install /root/ros2_ws/build/vitro_ros_definitions
[7.832s] Level 1:colcon.colcon_core.environment:create_environment_scripts_only(vitro_ros_definitions)
[7.833s] DEBUG:colcon.colcon_core.event_handler.log_command:Invoked command in '/root/ros2_ws/build/vitro_ros_definitions' returned '0': CMAKE_PREFIX_PATH=/opt/ros/humble /usr/bin/cmake --install /root/ros2_ws/build/vitro_ros_definitions
[7.835s] Level 1:colcon.colcon_core.environment:checking '/root/ros2_ws/install/vitro_ros_definitions' for CMake module files
[7.836s] Level 1:colcon.colcon_core.environment:checking '/root/ros2_ws/install/vitro_ros_definitions' for CMake config files
[7.836s] Level 1:colcon.colcon_core.shell:create_environment_hook('vitro_ros_definitions', 'cmake_prefix_path')
[7.837s] INFO:colcon.colcon_core.shell:Creating environment hook '/root/ros2_ws/install/vitro_ros_definitions/share/vitro_ros_definitions/hook/cmake_prefix_path.ps1'
[7.837s] INFO:colcon.colcon_core.shell:Creating environment descriptor '/root/ros2_ws/install/vitro_ros_definitions/share/vitro_ros_definitions/hook/cmake_prefix_path.dsv'
[7.837s] INFO:colcon.colcon_core.shell:Creating environment hook '/root/ros2_ws/install/vitro_ros_definitions/share/vitro_ros_definitions/hook/cmake_prefix_path.sh'
[7.838s] Level 1:colcon.colcon_core.environment:checking '/root/ros2_ws/install/vitro_ros_definitions/lib'
[7.838s] Level 1:colcon.colcon_core.shell:create_environment_hook('vitro_ros_definitions', 'ld_library_path_lib')
[7.839s] INFO:colcon.colcon_core.shell:Creating environment hook '/root/ros2_ws/install/vitro_ros_definitions/share/vitro_ros_definitions/hook/ld_library_path_lib.ps1'
[7.839s] INFO:colcon.colcon_core.shell:Creating environment descriptor '/root/ros2_ws/install/vitro_ros_definitions/share/vitro_ros_definitions/hook/ld_library_path_lib.dsv'
[7.839s] INFO:colcon.colcon_core.shell:Creating environment hook '/root/ros2_ws/install/vitro_ros_definitions/share/vitro_ros_definitions/hook/ld_library_path_lib.sh'
[7.839s] Level 1:colcon.colcon_core.environment:checking '/root/ros2_ws/install/vitro_ros_definitions/bin'
[7.840s] Level 1:colcon.colcon_core.environment:checking '/root/ros2_ws/install/vitro_ros_definitions/lib/pkgconfig/vitro_ros_definitions.pc'
[7.840s] Level 1:colcon.colcon_core.environment:checking '/root/ros2_ws/install/vitro_ros_definitions/lib/python3.10/site-packages'
[7.841s] Level 1:colcon.colcon_core.environment:checking '/root/ros2_ws/install/vitro_ros_definitions/bin'
[7.841s] INFO:colcon.colcon_core.shell:Creating package script '/root/ros2_ws/install/vitro_ros_definitions/share/vitro_ros_definitions/package.ps1'
[7.842s] INFO:colcon.colcon_core.shell:Creating package descriptor '/root/ros2_ws/install/vitro_ros_definitions/share/vitro_ros_definitions/package.dsv'
[7.842s] INFO:colcon.colcon_core.shell:Creating package script '/root/ros2_ws/install/vitro_ros_definitions/share/vitro_ros_definitions/package.sh'
[7.844s] INFO:colcon.colcon_core.shell:Creating package script '/root/ros2_ws/install/vitro_ros_definitions/share/vitro_ros_definitions/package.bash'
[7.844s] INFO:colcon.colcon_core.shell:Creating package script '/root/ros2_ws/install/vitro_ros_definitions/share/vitro_ros_definitions/package.zsh'
[7.845s] Level 1:colcon.colcon_core.environment:create_file_with_runtime_dependencies(/root/ros2_ws/install/vitro_ros_definitions/share/colcon-core/packages/vitro_ros_definitions)
[7.921s] Level 1:colcon.colcon_core.environment:create_environment_scripts_only(vitro_ros_definitions)
[7.921s] Level 1:colcon.colcon_core.environment:checking '/root/ros2_ws/install/vitro_ros_definitions' for CMake module files
[7.922s] Level 1:colcon.colcon_core.environment:checking '/root/ros2_ws/install/vitro_ros_definitions' for CMake config files
[7.922s] Level 1:colcon.colcon_core.shell:create_environment_hook('vitro_ros_definitions', 'cmake_prefix_path')
[7.922s] INFO:colcon.colcon_core.shell:Creating environment hook '/root/ros2_ws/install/vitro_ros_definitions/share/vitro_ros_definitions/hook/cmake_prefix_path.ps1'
[7.923s] INFO:colcon.colcon_core.shell:Creating environment descriptor '/root/ros2_ws/install/vitro_ros_definitions/share/vitro_ros_definitions/hook/cmake_prefix_path.dsv'
[7.923s] INFO:colcon.colcon_core.shell:Creating environment hook '/root/ros2_ws/install/vitro_ros_definitions/share/vitro_ros_definitions/hook/cmake_prefix_path.sh'
[7.924s] Level 1:colcon.colcon_core.environment:checking '/root/ros2_ws/install/vitro_ros_definitions/lib'
[7.924s] Level 1:colcon.colcon_core.shell:create_environment_hook('vitro_ros_definitions', 'ld_library_path_lib')
[7.924s] INFO:colcon.colcon_core.shell:Creating environment hook '/root/ros2_ws/install/vitro_ros_definitions/share/vitro_ros_definitions/hook/ld_library_path_lib.ps1'
[7.924s] INFO:colcon.colcon_core.shell:Creating environment descriptor '/root/ros2_ws/install/vitro_ros_definitions/share/vitro_ros_definitions/hook/ld_library_path_lib.dsv'
[7.925s] INFO:colcon.colcon_core.shell:Creating environment hook '/root/ros2_ws/install/vitro_ros_definitions/share/vitro_ros_definitions/hook/ld_library_path_lib.sh'
[7.925s] Level 1:colcon.colcon_core.environment:checking '/root/ros2_ws/install/vitro_ros_definitions/bin'
[7.925s] Level 1:colcon.colcon_core.environment:checking '/root/ros2_ws/install/vitro_ros_definitions/lib/pkgconfig/vitro_ros_definitions.pc'
[7.925s] Level 1:colcon.colcon_core.environment:checking '/root/ros2_ws/install/vitro_ros_definitions/lib/python3.10/site-packages'
[7.925s] Level 1:colcon.colcon_core.environment:checking '/root/ros2_ws/install/vitro_ros_definitions/bin'
[7.926s] INFO:colcon.colcon_core.shell:Creating package script '/root/ros2_ws/install/vitro_ros_definitions/share/vitro_ros_definitions/package.ps1'
[7.926s] INFO:colcon.colcon_core.shell:Creating package descriptor '/root/ros2_ws/install/vitro_ros_definitions/share/vitro_ros_definitions/package.dsv'
[7.927s] INFO:colcon.colcon_core.shell:Creating package script '/root/ros2_ws/install/vitro_ros_definitions/share/vitro_ros_definitions/package.sh'
[7.927s] INFO:colcon.colcon_core.shell:Creating package script '/root/ros2_ws/install/vitro_ros_definitions/share/vitro_ros_definitions/package.bash'
[7.927s] INFO:colcon.colcon_core.shell:Creating package script '/root/ros2_ws/install/vitro_ros_definitions/share/vitro_ros_definitions/package.zsh'
[7.928s] Level 1:colcon.colcon_core.environment:create_file_with_runtime_dependencies(/root/ros2_ws/install/vitro_ros_definitions/share/colcon-core/packages/vitro_ros_definitions)
[7.928s] INFO:colcon.colcon_ros.task.ament_cmake.build:Building ROS package in '/root/ros2_ws/src/vitro_interface' with build type 'ament_cmake'
[7.928s] INFO:colcon.colcon_cmake.task.cmake.build:Building CMake package in '/root/ros2_ws/src/vitro_interface'
[7.928s] INFO:colcon.colcon_core.shell:Skip shell extension 'powershell' for command environment: Not usable outside of PowerShell
[7.928s] DEBUG:colcon.colcon_core.shell:Skip shell extension 'dsv' for command environment
[7.938s] DEBUG:colcon.colcon_core.event_handler.log_command:Invoking command in '/root/ros2_ws/build/vitro_interface': AMENT_PREFIX_PATH=/root/ros2_ws/install/vitro_ros_definitions:${AMENT_PREFIX_PATH} CMAKE_PREFIX_PATH=/root/ros2_ws/install/vitro_ros_definitions:/opt/ros/humble LD_LIBRARY_PATH=/root/ros2_ws/install/vitro_ros_definitions/lib:${LD_LIBRARY_PATH} PYTHONPATH=/root/ros2_ws/install/vitro_ros_definitions/local/lib/python3.10/dist-packages:${PYTHONPATH} /usr/bin/cmake /root/ros2_ws/src/vitro_interface -DAMENT_CMAKE_SYMLINK_INSTALL=1 -DCMAKE_INSTALL_PREFIX=/root/ros2_ws/install/vitro_interface
[9.279s] DEBUG:colcon.colcon_core.event_handler.log_command:Invoked command in '/root/ros2_ws/build/vitro_interface' returned '0': AMENT_PREFIX_PATH=/root/ros2_ws/install/vitro_ros_definitions:${AMENT_PREFIX_PATH} CMAKE_PREFIX_PATH=/root/ros2_ws/install/vitro_ros_definitions:/opt/ros/humble LD_LIBRARY_PATH=/root/ros2_ws/install/vitro_ros_definitions/lib:${LD_LIBRARY_PATH} PYTHONPATH=/root/ros2_ws/install/vitro_ros_definitions/local/lib/python3.10/dist-packages:${PYTHONPATH} /usr/bin/cmake /root/ros2_ws/src/vitro_interface -DAMENT_CMAKE_SYMLINK_INSTALL=1 -DCMAKE_INSTALL_PREFIX=/root/ros2_ws/install/vitro_interface
[9.279s] DEBUG:colcon.colcon_core.event_handler.log_command:Invoking command in '/root/ros2_ws/build/vitro_interface': AMENT_PREFIX_PATH=/root/ros2_ws/install/vitro_ros_definitions:${AMENT_PREFIX_PATH} CMAKE_PREFIX_PATH=/root/ros2_ws/install/vitro_ros_definitions:/opt/ros/humble LD_LIBRARY_PATH=/root/ros2_ws/install/vitro_ros_definitions/lib:${LD_LIBRARY_PATH} PYTHONPATH=/root/ros2_ws/install/vitro_ros_definitions/local/lib/python3.10/dist-packages:${PYTHONPATH} /usr/bin/cmake --build /root/ros2_ws/build/vitro_interface -- -j2 -l2
[55.900s] DEBUG:colcon.colcon_core.event_handler.log_command:Invoked command in '/root/ros2_ws/build/vitro_interface' returned '0': AMENT_PREFIX_PATH=/root/ros2_ws/install/vitro_ros_definitions:${AMENT_PREFIX_PATH} CMAKE_PREFIX_PATH=/root/ros2_ws/install/vitro_ros_definitions:/opt/ros/humble LD_LIBRARY_PATH=/root/ros2_ws/install/vitro_ros_definitions/lib:${LD_LIBRARY_PATH} PYTHONPATH=/root/ros2_ws/install/vitro_ros_definitions/local/lib/python3.10/dist-packages:${PYTHONPATH} /usr/bin/cmake --build /root/ros2_ws/build/vitro_interface -- -j2 -l2
[55.941s] DEBUG:colcon.colcon_core.event_handler.log_command:Invoking command in '/root/ros2_ws/build/vitro_interface': AMENT_PREFIX_PATH=/root/ros2_ws/install/vitro_ros_definitions:${AMENT_PREFIX_PATH} CMAKE_PREFIX_PATH=/root/ros2_ws/install/vitro_ros_definitions:/opt/ros/humble LD_LIBRARY_PATH=/root/ros2_ws/install/vitro_ros_definitions/lib:${LD_LIBRARY_PATH} PYTHONPATH=/root/ros2_ws/install/vitro_ros_definitions/local/lib/python3.10/dist-packages:${PYTHONPATH} /usr/bin/cmake --install /root/ros2_ws/build/vitro_interface
[56.244s] Level 1:colcon.colcon_core.environment:create_environment_scripts_only(vitro_interface)
[56.245s] Level 1:colcon.colcon_core.environment:checking '/root/ros2_ws/install/vitro_interface' for CMake module files
[56.245s] DEBUG:colcon.colcon_core.event_handler.log_command:Invoked command in '/root/ros2_ws/build/vitro_interface' returned '0': AMENT_PREFIX_PATH=/root/ros2_ws/install/vitro_ros_definitions:${AMENT_PREFIX_PATH} CMAKE_PREFIX_PATH=/root/ros2_ws/install/vitro_ros_definitions:/opt/ros/humble LD_LIBRARY_PATH=/root/ros2_ws/install/vitro_ros_definitions/lib:${LD_LIBRARY_PATH} PYTHONPATH=/root/ros2_ws/install/vitro_ros_definitions/local/lib/python3.10/dist-packages:${PYTHONPATH} /usr/bin/cmake --install /root/ros2_ws/build/vitro_interface
[56.246s] Level 1:colcon.colcon_core.environment:checking '/root/ros2_ws/install/vitro_interface' for CMake config files
[56.246s] Level 1:colcon.colcon_core.shell:create_environment_hook('vitro_interface', 'cmake_prefix_path')
[56.246s] INFO:colcon.colcon_core.shell:Creating environment hook '/root/ros2_ws/install/vitro_interface/share/vitro_interface/hook/cmake_prefix_path.ps1'
[56.246s] INFO:colcon.colcon_core.shell:Creating environment descriptor '/root/ros2_ws/install/vitro_interface/share/vitro_interface/hook/cmake_prefix_path.dsv'
[56.247s] INFO:colcon.colcon_core.shell:Creating environment hook '/root/ros2_ws/install/vitro_interface/share/vitro_interface/hook/cmake_prefix_path.sh'
[56.247s] Level 1:colcon.colcon_core.environment:checking '/root/ros2_ws/install/vitro_interface/lib'
[56.247s] Level 1:colcon.colcon_core.shell:create_environment_hook('vitro_interface', 'ld_library_path_lib')
[56.248s] INFO:colcon.colcon_core.shell:Creating environment hook '/root/ros2_ws/install/vitro_interface/share/vitro_interface/hook/ld_library_path_lib.ps1'
[56.248s] INFO:colcon.colcon_core.shell:Creating environment descriptor '/root/ros2_ws/install/vitro_interface/share/vitro_interface/hook/ld_library_path_lib.dsv'
[56.248s] INFO:colcon.colcon_core.shell:Creating environment hook '/root/ros2_ws/install/vitro_interface/share/vitro_interface/hook/ld_library_path_lib.sh'
[56.248s] Level 1:colcon.colcon_core.environment:checking '/root/ros2_ws/install/vitro_interface/bin'
[56.249s] Level 1:colcon.colcon_core.environment:checking '/root/ros2_ws/install/vitro_interface/lib/pkgconfig/vitro_interface.pc'
[56.249s] Level 1:colcon.colcon_core.environment:checking '/root/ros2_ws/install/vitro_interface/lib/python3.10/site-packages'
[56.249s] Level 1:colcon.colcon_core.environment:checking '/root/ros2_ws/install/vitro_interface/bin'
[56.249s] INFO:colcon.colcon_core.shell:Creating package script '/root/ros2_ws/install/vitro_interface/share/vitro_interface/package.ps1'
[56.250s] INFO:colcon.colcon_core.shell:Creating package descriptor '/root/ros2_ws/install/vitro_interface/share/vitro_interface/package.dsv'
[56.250s] INFO:colcon.colcon_core.shell:Creating package script '/root/ros2_ws/install/vitro_interface/share/vitro_interface/package.sh'
[56.250s] INFO:colcon.colcon_core.shell:Creating package script '/root/ros2_ws/install/vitro_interface/share/vitro_interface/package.bash'
[56.251s] INFO:colcon.colcon_core.shell:Creating package script '/root/ros2_ws/install/vitro_interface/share/vitro_interface/package.zsh'
[56.251s] Level 1:colcon.colcon_core.environment:create_file_with_runtime_dependencies(/root/ros2_ws/install/vitro_interface/share/colcon-core/packages/vitro_interface)
[56.292s] Level 1:colcon.colcon_core.environment:create_environment_scripts_only(vitro_interface)
[56.292s] Level 1:colcon.colcon_core.environment:checking '/root/ros2_ws/install/vitro_interface' for CMake module files
[56.292s] Level 1:colcon.colcon_core.environment:checking '/root/ros2_ws/install/vitro_interface' for CMake config files
[56.293s] Level 1:colcon.colcon_core.shell:create_environment_hook('vitro_interface', 'cmake_prefix_path')
[56.293s] INFO:colcon.colcon_core.shell:Creating environment hook '/root/ros2_ws/install/vitro_interface/share/vitro_interface/hook/cmake_prefix_path.ps1'
[56.293s] INFO:colcon.colcon_core.shell:Creating environment descriptor '/root/ros2_ws/install/vitro_interface/share/vitro_interface/hook/cmake_prefix_path.dsv'
[56.294s] INFO:colcon.colcon_core.shell:Creating environment hook '/root/ros2_ws/install/vitro_interface/share/vitro_interface/hook/cmake_prefix_path.sh'
[56.294s] Level 1:colcon.colcon_core.environment:checking '/root/ros2_ws/install/vitro_interface/lib'
[56.294s] Level 1:colcon.colcon_core.shell:create_environment_hook('vitro_interface', 'ld_library_path_lib')
[56.294s] INFO:colcon.colcon_core.shell:Creating environment hook '/root/ros2_ws/install/vitro_interface/share/vitro_interface/hook/ld_library_path_lib.ps1'
[56.295s] INFO:colcon.colcon_core.shell:Creating environment descriptor '/root/ros2_ws/install/vitro_interface/share/vitro_interface/hook/ld_library_path_lib.dsv'
[56.295s] INFO:colcon.colcon_core.shell:Creating environment hook '/root/ros2_ws/install/vitro_interface/share/vitro_interface/hook/ld_library_path_lib.sh'
[56.295s] Level 1:colcon.colcon_core.environment:checking '/root/ros2_ws/install/vitro_interface/bin'
[56.296s] Level 1:colcon.colcon_core.environment:checking '/root/ros2_ws/install/vitro_interface/lib/pkgconfig/vitro_interface.pc'
[56.296s] Level 1:colcon.colcon_core.environment:checking '/root/ros2_ws/install/vitro_interface/lib/python3.10/site-packages'
[56.296s] Level 1:colcon.colcon_core.environment:checking '/root/ros2_ws/install/vitro_interface/bin'
[56.296s] INFO:colcon.colcon_core.shell:Creating package script '/root/ros2_ws/install/vitro_interface/share/vitro_interface/package.ps1'
[56.297s] INFO:colcon.colcon_core.shell:Creating package descriptor '/root/ros2_ws/install/vitro_interface/share/vitro_interface/package.dsv'
[56.297s] INFO:colcon.colcon_core.shell:Creating package script '/root/ros2_ws/install/vitro_interface/share/vitro_interface/package.sh'
[56.298s] INFO:colcon.colcon_core.shell:Creating package script '/root/ros2_ws/install/vitro_interface/share/vitro_interface/package.bash'
[56.298s] INFO:colcon.colcon_core.shell:Creating package script '/root/ros2_ws/install/vitro_interface/share/vitro_interface/package.zsh'
[56.298s] Level 1:colcon.colcon_core.environment:create_file_with_runtime_dependencies(/root/ros2_ws/install/vitro_interface/share/colcon-core/packages/vitro_interface)
[56.299s] DEBUG:colcon.colcon_parallel_executor.executor.parallel:closing loop
[56.299s] DEBUG:colcon.colcon_parallel_executor.executor.parallel:loop closed
[56.299s] DEBUG:colcon.colcon_parallel_executor.executor.parallel:run_until_complete finished with '0'
[56.299s] DEBUG:colcon.colcon_core.event_reactor:joining thread
[56.307s] INFO:colcon.colcon_core.plugin_system:Skipping extension 'colcon_notification.desktop_notification.notify_send': Could not find 'notify-send'
[56.307s] INFO:colcon.colcon_core.plugin_system:Skipping extension 'colcon_notification.desktop_notification.terminal_notifier': Not used on non-Darwin systems
[56.307s] INFO:colcon.colcon_core.plugin_system:Skipping extension 'colcon_notification.desktop_notification.win32': Not used on non-Windows systems
[56.307s] INFO:colcon.colcon_notification.desktop_notification:Sending desktop notification using 'notify2'
[56.307s] DEBUG:colcon.colcon_notification.desktop_notification.notify2:Failed to initialize notify2: org.freedesktop.DBus.Error.NotSupported: Unable to autolaunch a dbus-daemon without a $DISPLAY for X11
[56.307s] DEBUG:colcon.colcon_core.event_reactor:joined thread
[56.307s] INFO:colcon.colcon_core.shell:Creating prefix script '/root/ros2_ws/install/local_setup.ps1'
[56.308s] INFO:colcon.colcon_core.shell:Creating prefix util module '/root/ros2_ws/install/_local_setup_util_ps1.py'
[56.310s] INFO:colcon.colcon_core.shell:Creating prefix chain script '/root/ros2_ws/install/setup.ps1'
[56.311s] INFO:colcon.colcon_core.shell:Creating prefix script '/root/ros2_ws/install/local_setup.sh'
[56.312s] INFO:colcon.colcon_core.shell:Creating prefix util module '/root/ros2_ws/install/_local_setup_util_sh.py'
[56.312s] INFO:colcon.colcon_core.shell:Creating prefix chain script '/root/ros2_ws/install/setup.sh'
[56.313s] INFO:colcon.colcon_core.shell:Creating prefix script '/root/ros2_ws/install/local_setup.bash'
[56.314s] INFO:colcon.colcon_core.shell:Creating prefix chain script '/root/ros2_ws/install/setup.bash'
[56.315s] INFO:colcon.colcon_core.shell:Creating prefix script '/root/ros2_ws/install/local_setup.zsh'
[56.316s] INFO:colcon.colcon_core.shell:Creating prefix chain script '/root/ros2_ws/install/setup.zsh'
