In file included from /root/ros2_ws/src/vitro_interface/src/generic_mqtt_client.cpp:1:
/root/ros2_ws/src/vitro_interface/include/generic_mqtt_client.hpp: In member function ‘virtual void vitro::Callback::on_failure(const mqtt::token&)’:
/root/ros2_ws/src/vitro_interface/include/generic_mqtt_client.hpp:67:40: warning: unused parameter ‘tok’ [-Wunused-parameter]
   67 |     void on_failure(const mqtt::token& tok) override {
      |                     ~~~~~~~~~~~~~~~~~~~^~~
/root/ros2_ws/src/vitro_interface/include/generic_mqtt_client.hpp: In member function ‘virtual void vitro::Callback::on_success(const mqtt::token&)’:
/root/ros2_ws/src/vitro_interface/include/generic_mqtt_client.hpp:75:40: warning: unused parameter ‘tok’ [-Wunused-parameter]
   75 |     void on_success(const mqtt::token& tok) override {}
      |                     ~~~~~~~~~~~~~~~~~~~^~~
/root/ros2_ws/src/vitro_interface/include/generic_mqtt_client.hpp: In member function ‘virtual void vitro::Callback::connected(const string&)’:
/root/ros2_ws/src/vitro_interface/include/generic_mqtt_client.hpp:79:39: warning: unused parameter ‘cause’ [-Wunused-parameter]
   79 |     void connected(const std::string& cause) override {
      |                    ~~~~~~~~~~~~~~~~~~~^~~~~
/root/ros2_ws/src/vitro_interface/include/generic_mqtt_client.hpp: In member function ‘virtual void vitro::Callback::delivery_complete(mqtt::delivery_token_ptr)’:
/root/ros2_ws/src/vitro_interface/include/generic_mqtt_client.hpp:98:53: warning: unused parameter ‘token’ [-Wunused-parameter]
   98 |     void delivery_complete(mqtt::delivery_token_ptr token) override {}
      |                            ~~~~~~~~~~~~~~~~~~~~~~~~~^~~~~
/root/ros2_ws/src/vitro_interface/include/generic_mqtt_client.hpp: In constructor ‘vitro::GenericMqttClient::GenericMqttClient(std::string, std::string, std::string, std::function<void(std::shared_ptr<const mqtt::message>)>, int)’:
/root/ros2_ws/src/vitro_interface/include/generic_mqtt_client.hpp:135:17: warning: ‘vitro::GenericMqttClient::server’ will be initialized after [-Wreorder]
  135 |     std::string server;
      |                 ^~~~~~
/root/ros2_ws/src/vitro_interface/include/generic_mqtt_client.hpp:134:17: warning:   ‘std::string vitro::GenericMqttClient::client_name’ [-Wreorder]
  134 |     std::string client_name;
      |                 ^~~~~~~~~~~
/root/ros2_ws/src/vitro_interface/src/generic_mqtt_client.cpp:5:1: warning:   when initialized here [-Wreorder]
    5 | GenericMqttClient::GenericMqttClient(std::string server_uri, std::string name, std::string topic,
      | ^~~~~~~~~~~~~~~~~
In file included from /root/ros2_ws/src/vitro_interface/src/generic_mqtt_client.cpp:1:
/root/ros2_ws/src/vitro_interface/include/generic_mqtt_client.hpp:139:50: warning: ‘vitro::GenericMqttClient::_callback_func’ will be initialized after [-Wreorder]
  139 |     std::function<void(mqtt::const_message_ptr)> _callback_func;
      |                                                  ^~~~~~~~~~~~~~
/root/ros2_ws/src/vitro_interface/include/generic_mqtt_client.hpp:131:9: warning:   ‘int vitro::GenericMqttClient::QOS’ [-Wreorder]
  131 |     int QOS;
      |         ^~~
/root/ros2_ws/src/vitro_interface/src/generic_mqtt_client.cpp:5:1: warning:   when initialized here [-Wreorder]
    5 | GenericMqttClient::GenericMqttClient(std::string server_uri, std::string name, std::string topic,
      | ^~~~~~~~~~~~~~~~~
In file included from /root/ros2_ws/src/vitro_interface/src/generic_mqtt_client.cpp:1:
/root/ros2_ws/src/vitro_interface/include/generic_mqtt_client.hpp: In constructor ‘vitro::GenericMqttClient::GenericMqttClient(std::string, std::string, int)’:
/root/ros2_ws/src/vitro_interface/include/generic_mqtt_client.hpp:135:17: warning: ‘vitro::GenericMqttClient::server’ will be initialized after [-Wreorder]
  135 |     std::string server;
      |                 ^~~~~~
/root/ros2_ws/src/vitro_interface/include/generic_mqtt_client.hpp:134:17: warning:   ‘std::string vitro::GenericMqttClient::client_name’ [-Wreorder]
  134 |     std::string client_name;
      |                 ^~~~~~~~~~~
/root/ros2_ws/src/vitro_interface/src/generic_mqtt_client.cpp:17:1: warning:   when initialized here [-Wreorder]
   17 | GenericMqttClient::GenericMqttClient(std::string server_uri, std::string name, int level) : server(server_uri), client_name(name), QOS(level) {
      | ^~~~~~~~~~~~~~~~~
In file included from /root/ros2_ws/src/vitro_interface/src/generic_mqtt_client.cpp:1:
/root/ros2_ws/src/vitro_interface/include/generic_mqtt_client.hpp:134:17: warning: ‘vitro::GenericMqttClient::client_name’ will be initialized after [-Wreorder]
  134 |     std::string client_name;
      |                 ^~~~~~~~~~~
/root/ros2_ws/src/vitro_interface/include/generic_mqtt_client.hpp:131:9: warning:   ‘int vitro::GenericMqttClient::QOS’ [-Wreorder]
  131 |     int QOS;
      |         ^~~
/root/ros2_ws/src/vitro_interface/src/generic_mqtt_client.cpp:17:1: warning:   when initialized here [-Wreorder]
   17 | GenericMqttClient::GenericMqttClient(std::string server_uri, std::string name, int level) : server(server_uri), client_name(name), QOS(level) {
      | ^~~~~~~~~~~~~~~~~
In file included from /root/ros2_ws/src/vitro_interface/include/command_handler_node.hpp:9,
                 from /root/ros2_ws/src/vitro_interface/src/vitro_interface.cpp:11:
/root/ros2_ws/src/vitro_interface/include/generic_mqtt_client.hpp: In member function ‘virtual void vitro::Callback::on_failure(const mqtt::token&)’:
/root/ros2_ws/src/vitro_interface/include/generic_mqtt_client.hpp:67:40: warning: unused parameter ‘tok’ [-Wunused-parameter]
   67 |     void on_failure(const mqtt::token& tok) override {
      |                     ~~~~~~~~~~~~~~~~~~~^~~
/root/ros2_ws/src/vitro_interface/include/generic_mqtt_client.hpp: In member function ‘virtual void vitro::Callback::on_success(const mqtt::token&)’:
/root/ros2_ws/src/vitro_interface/include/generic_mqtt_client.hpp:75:40: warning: unused parameter ‘tok’ [-Wunused-parameter]
   75 |     void on_success(const mqtt::token& tok) override {}
      |                     ~~~~~~~~~~~~~~~~~~~^~~
/root/ros2_ws/src/vitro_interface/include/generic_mqtt_client.hpp: In member function ‘virtual void vitro::Callback::connected(const string&)’:
/root/ros2_ws/src/vitro_interface/include/generic_mqtt_client.hpp:79:39: warning: unused parameter ‘cause’ [-Wunused-parameter]
   79 |     void connected(const std::string& cause) override {
      |                    ~~~~~~~~~~~~~~~~~~~^~~~~
/root/ros2_ws/src/vitro_interface/include/generic_mqtt_client.hpp: In member function ‘virtual void vitro::Callback::delivery_complete(mqtt::delivery_token_ptr)’:
/root/ros2_ws/src/vitro_interface/include/generic_mqtt_client.hpp:98:53: warning: unused parameter ‘token’ [-Wunused-parameter]
   98 |     void delivery_complete(mqtt::delivery_token_ptr token) override {}
      |                            ~~~~~~~~~~~~~~~~~~~~~~~~~^~~~~
In file included from /root/ros2_ws/src/vitro_interface/include/docking_station_handler_node.hpp:9,
                 from /root/ros2_ws/src/vitro_interface/src/docking_interface.cpp:12:
/root/ros2_ws/src/vitro_interface/include/generic_mqtt_client.hpp: In member function ‘virtual void vitro::Callback::on_failure(const mqtt::token&)’:
/root/ros2_ws/src/vitro_interface/include/generic_mqtt_client.hpp:67:40: warning: unused parameter ‘tok’ [-Wunused-parameter]
   67 |     void on_failure(const mqtt::token& tok) override {
      |                     ~~~~~~~~~~~~~~~~~~~^~~
/root/ros2_ws/src/vitro_interface/include/generic_mqtt_client.hpp: In member function ‘virtual void vitro::Callback::on_success(const mqtt::token&)’:
/root/ros2_ws/src/vitro_interface/include/generic_mqtt_client.hpp:75:40: warning: unused parameter ‘tok’ [-Wunused-parameter]
   75 |     void on_success(const mqtt::token& tok) override {}
      |                     ~~~~~~~~~~~~~~~~~~~^~~
/root/ros2_ws/src/vitro_interface/include/generic_mqtt_client.hpp: In member function ‘virtual void vitro::Callback::connected(const string&)’:
/root/ros2_ws/src/vitro_interface/include/generic_mqtt_client.hpp:79:39: warning: unused parameter ‘cause’ [-Wunused-parameter]
   79 |     void connected(const std::string& cause) override {
      |                    ~~~~~~~~~~~~~~~~~~~^~~~~
/root/ros2_ws/src/vitro_interface/include/generic_mqtt_client.hpp: In member function ‘virtual void vitro::Callback::delivery_complete(mqtt::delivery_token_ptr)’:
/root/ros2_ws/src/vitro_interface/include/generic_mqtt_client.hpp:98:53: warning: unused parameter ‘token’ [-Wunused-parameter]
   98 |     void delivery_complete(mqtt::delivery_token_ptr token) override {}
      |                            ~~~~~~~~~~~~~~~~~~~~~~~~~^~~~~
In file included from /root/ros2_ws/src/vitro_interface/include/command_handler_node.hpp:13,
                 from /root/ros2_ws/src/vitro_interface/src/vitro_interface.cpp:11:
/root/ros2_ws/src/vitro_interface/include/shared_memory_handler.hpp: At global scope:
/root/ros2_ws/src/vitro_interface/include/shared_memory_handler.hpp:28:1: warning: extra ‘;’ [-Wpedantic]
   28 | ;
      | ^
      | -
In file included from /root/ros2_ws/src/vitro_interface/include/docking_station_handler_node.hpp:9,
                 from /root/ros2_ws/src/vitro_interface/src/docking_station_handler_node.cpp:1:
/root/ros2_ws/src/vitro_interface/include/generic_mqtt_client.hpp: In member function ‘virtual void vitro::Callback::on_failure(const mqtt::token&)’:
/root/ros2_ws/src/vitro_interface/include/generic_mqtt_client.hpp:67:40: warning: unused parameter ‘tok’ [-Wunused-parameter]
   67 |     void on_failure(const mqtt::token& tok) override {
      |                     ~~~~~~~~~~~~~~~~~~~^~~
/root/ros2_ws/src/vitro_interface/include/generic_mqtt_client.hpp: In member function ‘virtual void vitro::Callback::on_success(const mqtt::token&)’:
/root/ros2_ws/src/vitro_interface/include/generic_mqtt_client.hpp:75:40: warning: unused parameter ‘tok’ [-Wunused-parameter]
   75 |     void on_success(const mqtt::token& tok) override {}
      |                     ~~~~~~~~~~~~~~~~~~~^~~
/root/ros2_ws/src/vitro_interface/include/generic_mqtt_client.hpp: In member function ‘virtual void vitro::Callback::connected(const string&)’:
/root/ros2_ws/src/vitro_interface/include/generic_mqtt_client.hpp:79:39: warning: unused parameter ‘cause’ [-Wunused-parameter]
   79 |     void connected(const std::string& cause) override {
      |                    ~~~~~~~~~~~~~~~~~~~^~~~~
/root/ros2_ws/src/vitro_interface/include/generic_mqtt_client.hpp: In member function ‘virtual void vitro::Callback::delivery_complete(mqtt::delivery_token_ptr)’:
/root/ros2_ws/src/vitro_interface/include/generic_mqtt_client.hpp:98:53: warning: unused parameter ‘token’ [-Wunused-parameter]
   98 |     void delivery_complete(mqtt::delivery_token_ptr token) override {}
      |                            ~~~~~~~~~~~~~~~~~~~~~~~~~^~~~~
/root/ros2_ws/src/vitro_interface/src/docking_station_handler_node.cpp: In member function ‘void DockingStationHandlerNode::trigger_remote_on(std::shared_ptr<std_srvs::srv::Trigger_Request_<std::allocator<void> > >, std::shared_ptr<std_srvs::srv::Trigger_Response_<std::allocator<void> > >)’:
/root/ros2_ws/src/vitro_interface/src/docking_station_handler_node.cpp:83:106: warning: unused parameter ‘request’ [-Wunused-parameter]
   83 | void DockingStationHandlerNode::trigger_remote_on(const std::shared_ptr<std_srvs::srv::Trigger::Request> request,
      |                                                   ~~~~~~~~~~~~~~~~~~~~~~~~~~~~~~~~~~~~~~~~~~~~~~~~~~~~~~~^~~~~~~
/root/ros2_ws/src/vitro_interface/src/docking_station_handler_node.cpp: In member function ‘void DockingStationHandlerNode::trigger_remote_off(std::shared_ptr<std_srvs::srv::Trigger_Request_<std::allocator<void> > >, std::shared_ptr<std_srvs::srv::Trigger_Response_<std::allocator<void> > >)’:
/root/ros2_ws/src/vitro_interface/src/docking_station_handler_node.cpp:99:107: warning: unused parameter ‘request’ [-Wunused-parameter]
   99 | void DockingStationHandlerNode::trigger_remote_off(const std::shared_ptr<std_srvs::srv::Trigger::Request> request,
      |                                                    ~~~~~~~~~~~~~~~~~~~~~~~~~~~~~~~~~~~~~~~~~~~~~~~~~~~~~~~^~~~~~~
/root/ros2_ws/src/vitro_interface/src/docking_station_handler_node.cpp: In member function ‘void DockingStationHandlerNode::trigger_canopy_open(std::shared_ptr<std_srvs::srv::Trigger_Request_<std::allocator<void> > >, std::shared_ptr<std_srvs::srv::Trigger_Response_<std::allocator<void> > >)’:
/root/ros2_ws/src/vitro_interface/src/docking_station_handler_node.cpp:115:108: warning: unused parameter ‘request’ [-Wunused-parameter]
  115 | void DockingStationHandlerNode::trigger_canopy_open(const std::shared_ptr<std_srvs::srv::Trigger::Request> request,
      |                                                     ~~~~~~~~~~~~~~~~~~~~~~~~~~~~~~~~~~~~~~~~~~~~~~~~~~~~~~~^~~~~~~
/root/ros2_ws/src/vitro_interface/src/docking_station_handler_node.cpp: In member function ‘void DockingStationHandlerNode::trigger_canopy_close(std::shared_ptr<std_srvs::srv::Trigger_Request_<std::allocator<void> > >, std::shared_ptr<std_srvs::srv::Trigger_Response_<std::allocator<void> > >)’:
/root/ros2_ws/src/vitro_interface/src/docking_station_handler_node.cpp:131:109: warning: unused parameter ‘request’ [-Wunused-parameter]
  131 | void DockingStationHandlerNode::trigger_canopy_close(const std::shared_ptr<std_srvs::srv::Trigger::Request> request,
      |                                                      ~~~~~~~~~~~~~~~~~~~~~~~~~~~~~~~~~~~~~~~~~~~~~~~~~~~~~~~^~~~~~~
/root/ros2_ws/src/vitro_interface/src/docking_station_handler_node.cpp: In member function ‘void DockingStationHandlerNode::trigger_bars_open(std::shared_ptr<std_srvs::srv::Trigger_Request_<std::allocator<void> > >, std::shared_ptr<std_srvs::srv::Trigger_Response_<std::allocator<void> > >)’:
/root/ros2_ws/src/vitro_interface/src/docking_station_handler_node.cpp:147:106: warning: unused parameter ‘request’ [-Wunused-parameter]
  147 | void DockingStationHandlerNode::trigger_bars_open(const std::shared_ptr<std_srvs::srv::Trigger::Request> request,
      |                                                   ~~~~~~~~~~~~~~~~~~~~~~~~~~~~~~~~~~~~~~~~~~~~~~~~~~~~~~~^~~~~~~
/root/ros2_ws/src/vitro_interface/src/docking_station_handler_node.cpp: In member function ‘void DockingStationHandlerNode::trigger_bars_close(std::shared_ptr<std_srvs::srv::Trigger_Request_<std::allocator<void> > >, std::shared_ptr<std_srvs::srv::Trigger_Response_<std::allocator<void> > >)’:
/root/ros2_ws/src/vitro_interface/src/docking_station_handler_node.cpp:163:107: warning: unused parameter ‘request’ [-Wunused-parameter]
  163 | void DockingStationHandlerNode::trigger_bars_close(const std::shared_ptr<std_srvs::srv::Trigger::Request> request,
      |                                                    ~~~~~~~~~~~~~~~~~~~~~~~~~~~~~~~~~~~~~~~~~~~~~~~~~~~~~~~^~~~~~~
/root/ros2_ws/src/vitro_interface/src/docking_station_handler_node.cpp: In member function ‘void DockingStationHandlerNode::trigger_charging_start(std::shared_ptr<std_srvs::srv::Trigger_Request_<std::allocator<void> > >, std::shared_ptr<std_srvs::srv::Trigger_Response_<std::allocator<void> > >)’:
/root/ros2_ws/src/vitro_interface/src/docking_station_handler_node.cpp:179:111: warning: unused parameter ‘request’ [-Wunused-parameter]
  179 | void DockingStationHandlerNode::trigger_charging_start(const std::shared_ptr<std_srvs::srv::Trigger::Request> request,
      |                                                        ~~~~~~~~~~~~~~~~~~~~~~~~~~~~~~~~~~~~~~~~~~~~~~~~~~~~~~~^~~~~~~
/root/ros2_ws/src/vitro_interface/src/docking_station_handler_node.cpp: In member function ‘void DockingStationHandlerNode::trigger_charging_stop(std::shared_ptr<std_srvs::srv::Trigger_Request_<std::allocator<void> > >, std::shared_ptr<std_srvs::srv::Trigger_Response_<std::allocator<void> > >)’:
/root/ros2_ws/src/vitro_interface/src/docking_station_handler_node.cpp:195:110: warning: unused parameter ‘request’ [-Wunused-parameter]
  195 | void DockingStationHandlerNode::trigger_charging_stop(const std::shared_ptr<std_srvs::srv::Trigger::Request> request,
      |                                                       ~~~~~~~~~~~~~~~~~~~~~~~~~~~~~~~~~~~~~~~~~~~~~~~~~~~~~~~^~~~~~~
/root/ros2_ws/src/vitro_interface/src/docking_station_handler_node.cpp: In member function ‘void DockingStationHandlerNode::trigger_battery_on(std::shared_ptr<std_srvs::srv::Trigger_Request_<std::allocator<void> > >, std::shared_ptr<std_srvs::srv::Trigger_Response_<std::allocator<void> > >)’:
/root/ros2_ws/src/vitro_interface/src/docking_station_handler_node.cpp:211:107: warning: unused parameter ‘request’ [-Wunused-parameter]
  211 | void DockingStationHandlerNode::trigger_battery_on(const std::shared_ptr<std_srvs::srv::Trigger::Request> request,
      |                                                    ~~~~~~~~~~~~~~~~~~~~~~~~~~~~~~~~~~~~~~~~~~~~~~~~~~~~~~~^~~~~~~
/root/ros2_ws/src/vitro_interface/src/docking_station_handler_node.cpp: In member function ‘void DockingStationHandlerNode::trigger_battery_off(std::shared_ptr<std_srvs::srv::Trigger_Request_<std::allocator<void> > >, std::shared_ptr<std_srvs::srv::Trigger_Response_<std::allocator<void> > >)’:
/root/ros2_ws/src/vitro_interface/src/docking_station_handler_node.cpp:227:108: warning: unused parameter ‘request’ [-Wunused-parameter]
  227 | void DockingStationHandlerNode::trigger_battery_off(const std::shared_ptr<std_srvs::srv::Trigger::Request> request,
      |                                                     ~~~~~~~~~~~~~~~~~~~~~~~~~~~~~~~~~~~~~~~~~~~~~~~~~~~~~~~^~~~~~~
In file included from /root/ros2_ws/src/vitro_interface/include/data_publish_node.hpp:11,
                 from /root/ros2_ws/src/vitro_interface/src/data_publish_node.cpp:1:
/root/ros2_ws/src/vitro_interface/include/generic_mqtt_client.hpp: In member function ‘virtual void vitro::Callback::on_failure(const mqtt::token&)’:
/root/ros2_ws/src/vitro_interface/include/generic_mqtt_client.hpp:67:40: warning: unused parameter ‘tok’ [-Wunused-parameter]
   67 |     void on_failure(const mqtt::token& tok) override {
      |                     ~~~~~~~~~~~~~~~~~~~^~~
/root/ros2_ws/src/vitro_interface/include/generic_mqtt_client.hpp: In member function ‘virtual void vitro::Callback::on_success(const mqtt::token&)’:
/root/ros2_ws/src/vitro_interface/include/generic_mqtt_client.hpp:75:40: warning: unused parameter ‘tok’ [-Wunused-parameter]
   75 |     void on_success(const mqtt::token& tok) override {}
      |                     ~~~~~~~~~~~~~~~~~~~^~~
/root/ros2_ws/src/vitro_interface/include/generic_mqtt_client.hpp: In member function ‘virtual void vitro::Callback::connected(const string&)’:
/root/ros2_ws/src/vitro_interface/include/generic_mqtt_client.hpp:79:39: warning: unused parameter ‘cause’ [-Wunused-parameter]
   79 |     void connected(const std::string& cause) override {
      |                    ~~~~~~~~~~~~~~~~~~~^~~~~
/root/ros2_ws/src/vitro_interface/include/generic_mqtt_client.hpp: In member function ‘virtual void vitro::Callback::delivery_complete(mqtt::delivery_token_ptr)’:
/root/ros2_ws/src/vitro_interface/include/generic_mqtt_client.hpp:98:53: warning: unused parameter ‘token’ [-Wunused-parameter]
   98 |     void delivery_complete(mqtt::delivery_token_ptr token) override {}
      |                            ~~~~~~~~~~~~~~~~~~~~~~~~~^~~~~
In file included from /root/ros2_ws/src/vitro_interface/include/data_publish_node.hpp:18,
                 from /root/ros2_ws/src/vitro_interface/src/data_publish_node.cpp:1:
/root/ros2_ws/src/vitro_interface/include/shared_memory_handler.hpp: At global scope:
/root/ros2_ws/src/vitro_interface/include/shared_memory_handler.hpp:28:1: warning: extra ‘;’ [-Wpedantic]
   28 | ;
      | ^
      | -
In file included from /root/ros2_ws/src/vitro_interface/include/command_handler_node.hpp:9,
                 from /root/ros2_ws/src/vitro_interface/src/command_handler_node.cpp:1:
/root/ros2_ws/src/vitro_interface/include/generic_mqtt_client.hpp: In member function ‘virtual void vitro::Callback::on_failure(const mqtt::token&)’:
/root/ros2_ws/src/vitro_interface/include/generic_mqtt_client.hpp:67:40: warning: unused parameter ‘tok’ [-Wunused-parameter]
   67 |     void on_failure(const mqtt::token& tok) override {
      |                     ~~~~~~~~~~~~~~~~~~~^~~
/root/ros2_ws/src/vitro_interface/include/generic_mqtt_client.hpp: In member function ‘virtual void vitro::Callback::on_success(const mqtt::token&)’:
/root/ros2_ws/src/vitro_interface/include/generic_mqtt_client.hpp:75:40: warning: unused parameter ‘tok’ [-Wunused-parameter]
   75 |     void on_success(const mqtt::token& tok) override {}
      |                     ~~~~~~~~~~~~~~~~~~~^~~
/root/ros2_ws/src/vitro_interface/include/generic_mqtt_client.hpp: In member function ‘virtual void vitro::Callback::connected(const string&)’:
/root/ros2_ws/src/vitro_interface/include/generic_mqtt_client.hpp:79:39: warning: unused parameter ‘cause’ [-Wunused-parameter]
   79 |     void connected(const std::string& cause) override {
      |                    ~~~~~~~~~~~~~~~~~~~^~~~~
/root/ros2_ws/src/vitro_interface/include/generic_mqtt_client.hpp: In member function ‘virtual void vitro::Callback::delivery_complete(mqtt::delivery_token_ptr)’:
/root/ros2_ws/src/vitro_interface/include/generic_mqtt_client.hpp:98:53: warning: unused parameter ‘token’ [-Wunused-parameter]
   98 |     void delivery_complete(mqtt::delivery_token_ptr token) override {}
      |                            ~~~~~~~~~~~~~~~~~~~~~~~~~^~~~~
In file included from /root/ros2_ws/src/vitro_interface/include/data_publish_node.hpp:10,
                 from /root/ros2_ws/src/vitro_interface/src/data_publish_node.cpp:1:
/root/ros2_ws/src/vitro_interface/include/drone_list.hpp: In member function ‘vitro::Drone::SDK vitro::Drone::getSDK()’:
/root/ros2_ws/src/vitro_interface/include/drone_list.hpp:36:5: warning: control reaches end of non-void function [-Wreturn-type]
   36 |     };
      |     ^
In file included from /root/ros2_ws/src/vitro_interface/include/command_handler_node.hpp:13,
                 from /root/ros2_ws/src/vitro_interface/src/command_handler_node.cpp:1:
/root/ros2_ws/src/vitro_interface/include/shared_memory_handler.hpp: At global scope:
/root/ros2_ws/src/vitro_interface/include/shared_memory_handler.hpp:28:1: warning: extra ‘;’ [-Wpedantic]
   28 | ;
      | ^
      | -
/root/ros2_ws/src/vitro_interface/src/command_handler_node.cpp: In member function ‘void CommandHandlerNode::set_gimball_angle(std::shared_ptr<vitro_ros_definitions::srv::SetGimballAngle_Request_<std::allocator<void> > >, std::shared_ptr<vitro_ros_definitions::srv::SetGimballAngle_Response_<std::allocator<void> > >)’:
/root/ros2_ws/src/vitro_interface/src/command_handler_node.cpp:333:39: warning: catching polymorphic type ‘class GoalNotReachedException’ by value [-Wcatch-value=]
  333 |     }  catch (GoalNotReachedException e) {
      |                                       ^
/root/ros2_ws/src/vitro_interface/src/command_handler_node.cpp: In member function ‘void CommandHandlerNode::get_gimbal_pitch(geometry_msgs::msg::QuaternionStamped&, double&)’:
/root/ros2_ws/src/vitro_interface/src/command_handler_node.cpp:380:58: warning: catching polymorphic type ‘class SharedMemoryHandlerUnintializedException’ by value [-Wcatch-value=]
  380 |         }catch (SharedMemoryHandlerUnintializedException e){
      |                                                          ^
/root/ros2_ws/src/vitro_interface/src/command_handler_node.cpp: In member function ‘void CommandHandlerNode::save_photo(std::shared_ptr<std_srvs::srv::Trigger_Request_<std::allocator<void> > >, std::shared_ptr<std_srvs::srv::Trigger_Response_<std::allocator<void> > >)’:
/root/ros2_ws/src/vitro_interface/src/command_handler_node.cpp:474:92: warning: unused parameter ‘request’ [-Wunused-parameter]
  474 | void CommandHandlerNode::save_photo(const std::shared_ptr<std_srvs::srv::Trigger::Request> request,
      |                                     ~~~~~~~~~~~~~~~~~~~~~~~~~~~~~~~~~~~~~~~~~~~~~~~~~~~~~~~^~~~~~~
/root/ros2_ws/src/vitro_interface/src/command_handler_node.cpp: In member function ‘void CommandHandlerNode::control_automatic_navigation(std::shared_ptr<std_srvs::srv::Trigger_Request_<std::allocator<void> > >, std::shared_ptr<std_srvs::srv::Trigger_Response_<std::allocator<void> > >, std::string)’:
/root/ros2_ws/src/vitro_interface/src/command_handler_node.cpp:514:110: warning: unused parameter ‘request’ [-Wunused-parameter]
  514 | void CommandHandlerNode::control_automatic_navigation(const std::shared_ptr<std_srvs::srv::Trigger::Request> request,
      |                                                       ~~~~~~~~~~~~~~~~~~~~~~~~~~~~~~~~~~~~~~~~~~~~~~~~~~~~~~~^~~~~~~
In file included from /root/ros2_ws/src/vitro_interface/src/shared_memory_handler.cpp:1:
/root/ros2_ws/src/vitro_interface/include/shared_memory_handler.hpp:28:1: warning: extra ‘;’ [-Wpedantic]
   28 | ;
      | ^
      | -
